train/2385899600_94b68350af_b_jpg.rf.07c95902890f96d6c521b372548956b8.jpg: 494 proposals from scales [100, 150, 250]
train/18849792632_aad23ad513_k_jpg.rf.1d732499d34e8190aed5a7cabc46210f.jpg: 377 proposals from scales [100, 150, 250]
train/14666848163_8be8e37562_k_jpg.rf.0b34b472887a02ce894a77cc537d7026.jpg: 584 proposals from scales [100, 150, 250]
train/8758393087_76fcd56bd3_k_jpg.rf.6eb65e33e230e7ad2723aaa0e3abc822.jpg: 387 proposals from scales [100, 150, 250]
train/873768102_7d931e5fa3_b_jpg.rf.181d7271311b60ed104db70a21170be8.jpg: 1080 proposals from scales [100, 150, 250]
train/145053828_e0e748717c_b_jpg.rf.1cfdcbed5e501c2f9554772399f0f293.jpg: 746 proposals from scales [100, 150, 250]
train/154446334_5d41cd1375_b_jpg.rf.4db100a0f77f56a2c3bc5df8039b37c6.jpg: 558 proposals from scales [100, 150, 250]
train/2937599387_80e7d6e050_b_jpg.rf.75a2f7cb4b9ed1001c97b22c31b7b15a.jpg: 94 proposals from scales [100, 150, 250]
train/53500107_d24b11b3c2_b_jpg.rf.6a78865b012c624e6caf705776d7b6b8.jpg: 32 proposals from scales [100, 150, 250]
train/16435593892_2aa8118f4a_k_jpg.rf.39e9da364b7fe4f5a3955ebc56f4dc58.jpg: 440 proposals from scales [100, 150, 250]
train/12288355124_5e340d3de3_k_jpg.rf.7503904342507f2a236705e39c3102ac.jpg: 312 proposals from scales [100, 150, 250]
train/3927754171_9011487133_b_jpg.rf.4dba40316d5227810a9f73a6c7f2e992.jpg: 797 proposals from scales [100, 150, 250]
train/2354829160_3f65a6bf6f_b_jpg.rf.04bfde8a7bb50cc27bcf7d6814417aab.jpg: 433 proposals from scales [100, 150, 250]
train/15290896925_884ab33fd3_k_jpg.rf.17da44adcdec46fba79a4785f0916dc6.jpg: 798 proposals from scales [100, 150, 250]
train/17178818589_16e58fc1e5_k_jpg.rf.79a9121005201837475787da4bbc97a5.jpg: 451 proposals from scales [100, 150, 250]
train/4552737035_3a0a4105fb_b_jpg.rf.36ab5b26ef82d1fd4ec8efe34ebc4608.jpg: 96 proposals from scales [100, 150, 250]
train/14321263043_b76ef054d3_k_jpg.rf.5b0867e2fac41a1d5e21bb75ea4a3a05.jpg: 602 proposals from scales [100, 150, 250]
train/24362039530_b151b41a52_k_jpg.rf.2a7cda8bd86ff6e9fef4998a7edbd9e3.jpg: 701 proposals from scales [100, 150, 250]
train/5253122239_38b1e7f61c_b_jpg.rf.4775e501d74f8a922989f5a546114afd.jpg: 510 proposals from scales [100, 150, 250]
train/4057490235_2ffdf7d68b_b_jpg.rf.a7c7669af17bfa4ebce6e4eafed27678.jpg: 184 proposals from scales [100, 150, 250]
train/7308740338_591f27b631_k_jpg.rf.2aaf44901b1f1e0697e2b2c81b60defa.jpg: 517 proposals from scales [100, 150, 250]
train/351678851_e2aeebdafd_b_jpg.rf.9853e15f3f64d62793714cc709d62c79.jpg: 430 proposals from scales [100, 150, 250]
train/4864857993_edb62f16ef_b_jpg.rf.b55e3988d697e8131d6f71d1af604988.jpg: 380 proposals from scales [100, 150, 250]
train/4955354786_337a598e4a_b_jpg.rf.e24cd3979e50dc5a69d068cddbd865d5.jpg: 446 proposals from scales [100, 150, 250]
train/7178882742_f090f3ce56_k_jpg.rf.78fe8393760e304ba896e8373f51313b.jpg: 1117 proposals from scales [100, 150, 250]
train/5560377994_cb597a4af5_b_jpg.rf.cf17ca565c7717fc6da1a01461c13c55.jpg: 335 proposals from scales [100, 150, 250]
train/120853323_d4788431b9_b_jpg.rf.8c6a4b401999989610be188a85490bbf.jpg: 643 proposals from scales [100, 150, 250]
train/8436015314_3a678c1005_k_jpg.rf.9112ae54c27c1d130c83f126ae04e005.jpg: 180 proposals from scales [100, 150, 250]
train/25899693952_7c8b8b9edc_k_jpg.rf.f0db2c082328288300e52156b2fd8fa8.jpg: 484 proposals from scales [100, 150, 250]
train/3342804367_f43682bb80_b_jpg.rf.999f20aebc8e2c10125a37937a08a25e.jpg: 590 proposals from scales [100, 150, 250]
train/5674044810_2d9e2243ff_b_jpg.rf.ca828dc7bd53da6ae038c6c37c68c4e5.jpg: 1094 proposals from scales [100, 150, 250]
train/3646097131_e3e1215843_b_jpg.rf.fabadb610747501143f10d9f96086a06.jpg: 326 proposals from scales [100, 150, 250]
train/2685563244_b0d5f7eb67_b_jpg.rf.dc3549af605ed51f3e0ca955758bd498.jpg: 352 proposals from scales [100, 150, 250]
train/605521662_a470fef77f_b_jpg.rf.e52fb9b46ada3a323ef4dc06d8080f96.jpg: 489 proposals from scales [100, 150, 250]
train/3945575930_ce99a7e98d_b_jpg.rf.b68732f16635654e426363a1001d52f5.jpg: 437 proposals from scales [100, 150, 250]
train/10464445726_6f1e3bbe6a_k_jpg.rf.9b00fcccf44019f663c24ce94f72a490.jpg: 343 proposals from scales [100, 150, 250]
train/7488015492_0583857ca0_k_jpg.rf.d8c2dfaec75a67609483533b207ead08.jpg: 857 proposals from scales [100, 150, 250]
train/155815494_800fc9aa32_b_jpg.rf.e752fc3d953af6af840d94777651474e.jpg: 429 proposals from scales [100, 150, 250]
train/332344155_71be3a3b22_b_jpg.rf.fc85b932eaf5291acff84587fbfdadbe.jpg: 1092 proposals from scales [100, 150, 250]
train/5013250607_26359229b6_b_jpg.rf.ec18f6b72f893b9039565bd0a08eb0e7.jpg: 142 proposals from scales [100, 150, 250]
train/9210739293_2b0e0d991e_k_jpg.rf.dd33d5cc2588e3e80aa7519ff715aaf3.jpg: 1001 proposals from scales [100, 150, 250]
train/12288446656_2c6a90e6f5_k_jpg.rf.c489e4cd13bcec62c90abd839e553103.jpg: 562 proposals from scales [100, 150, 250]
valid/34020010494_e5cb88e1c4_k_jpg.rf.07f0734f98a42af1ce2e13e55d91b343.jpg: 501 proposals from scales [100, 150, 250]
valid/126700562_8e27720147_b_jpg.rf.5245aa428c2def8f97691dcecc8eead2.jpg: 569 proposals from scales [100, 150, 250]
valid/15331928994_d5b82eb368_k_jpg.rf.1af049d1afe14ee46ef90338701636dd.jpg: 770 proposals from scales [100, 150, 250]
valid/15717689633_5f7f78c28e_k_jpg.rf.e06a4042bf85d09a23c9f6ca56f497e8.jpg: 1221 proposals from scales [100, 150, 250]
valid/2311771643_f46392fcc0_b_jpg.rf.74f0e88be59a94b6b5c3520f2fe49ad5.jpg: 584 proposals from scales [100, 150, 250]
valid/9330497995_4cf0438cb6_k_jpg.rf.4fca4a8ac43c2bb5cc5736be74dcdbda.jpg: 537 proposals from scales [100, 150, 250]
valid/699765866_abaad7274d_b_jpg.rf.79959bca6ca40ea0c8028d41fc7bac02.jpg: 135 proposals from scales [100, 150, 250]
valid/4543126482_92254ef046_b_jpg.rf.b31cd7e849cf6d4cefb5206bc6c90407.jpg: 702 proposals from scales [100, 150, 250]
valid/12037308314_e16fb3a0f7_k_jpg.rf.ffa282b12dea77d5dfa8336e7d47a185.jpg: 777 proposals from scales [100, 150, 250]
valid/12288043903_fe1ea17a4e_k_jpg.rf.f5f2bcdf7876adf9e8d942ba03f470f9.jpg: 710 proposals from scales [100, 150, 250]
valid/6483318883_21facf57cd_b_jpg.rf.e801140899f2dbe80112d1d5a34bae33.jpg: 505 proposals from scales [100, 150, 250]
valid/321888854_3723b6f10b_b_jpg.rf.37edc48dc2054732265be859fc1ff3a5.jpg: 580 proposals from scales [100, 150, 250]
test/17156759330_5af4f5a5b8_k_jpg.rf.52e622bd9600a6dc4652c3622c439616.jpg: 427 proposals from scales [100, 150, 250]
test/1297451346_5b92bdac08_b_jpg.rf.abcf83eaef96ea7ce926edd516469806.jpg: 520 proposals from scales [100, 150, 250]
test/485227412_e335662bb5_b_jpg.rf.c3b02e09097409dfeb31d85ce92175b2.jpg: 777 proposals from scales [100, 150, 250]
test/4887227769_acd2e6127d_b_jpg.rf.f97f43a39827cc532ead9648065a91ca.jpg: 509 proposals from scales [100, 150, 250]
test/518678836_94d58e3839_b_jpg.rf.017f6bee175aa2d21cbbdd29485d33a5.jpg: 144 proposals from scales [100, 150, 250]
test/489752654_777853a0ba_b_jpg.rf.d625ab554d8bc1366233a22c5975533d.jpg: 918 proposals from scales [100, 150, 250]
Train MABO: 0.6757
Valid MABO: 0.6187
Test MABO: 0.6216
training samples: 7753; positives: 3720
validation samples: 1188; positives: 83
training class ratio: 4033 negative / 3720 positive
C=0.01: validation F1=0.366
C=0.1: validation F1=0.280
C=1.0: validation F1=0.269
C=10.0: validation F1=0.267
selected LinearSVC C=0.01
using manual score threshold=0.3000
              precision    recall  f1-score   support

  background       0.95      0.94      0.95      1105
     balloon       0.30      0.34      0.32        83

    accuracy                           0.90      1188
   macro avg       0.63      0.64      0.63      1188
weighted avg       0.90      0.90      0.90      1188

prediction 17156759330_5af4f5a5b8_k_jpg.rf.52e622bd9600a6dc4652c3622c439616.jpg: 3 detections
prediction 1297451346_5b92bdac08_b_jpg.rf.abcf83eaef96ea7ce926edd516469806.jpg: 3 detections
prediction 485227412_e335662bb5_b_jpg.rf.c3b02e09097409dfeb31d85ce92175b2.jpg: 3 detections
prediction 4887227769_acd2e6127d_b_jpg.rf.f97f43a39827cc532ead9648065a91ca.jpg: 3 detections
prediction 518678836_94d58e3839_b_jpg.rf.017f6bee175aa2d21cbbdd29485d33a5.jpg: 2 detections
prediction 489752654_777853a0ba_b_jpg.rf.d625ab554d8bc1366233a22c5975533d.jpg: 3 detections
Test AP@0.50: 0.3012
Test mAP@0.50:0.95: 0.0953
